main.c:62:6:update7SEG	16	static
main.c:102:6:display7SEG	16	static
main.c:193:6:updateClockBuffer	4	static
main.c:207:6:setTimer0	16	static
main.c:211:6:setTimer1	16	static
main.c:215:6:setTimer2	16	static
main.c:219:6:timer_run	4	static
main.c:232:7:updateLEDMatrix	16	static
main.c:294:5:main	8	static
main.c:381:6:SystemClock_Config	72	static
main.c:417:13:MX_TIM2_Init	32	static
main.c:462:13:MX_GPIO_Init	32	static
main.c:511:6:HAL_TIM_PeriodElapsedCallback	16	static
main.c:520:6:Error_Handler	4	static,ignoring_inline_asm
