main.c:62:6:update7SEG	16	static
main.c:102:6:display7SEG	16	static
main.c:193:6:updateClockBuffer	4	static
main.c:207:6:setTimer0	16	static
main.c:211:6:setTimer1	16	static
main.c:215:6:setTimer2	16	static
main.c:219:6:timer_run	4	static
main.c:247:8:moveupletter	16	static
main.c:258:8:displayupletter	40	static
main.c:278:7:displayleftletter	40	static
main.c:300:7:moveleftletter	16	static
main.c:314:7:updateLEDMatrix	16	static
main.c:376:5:main	8	static
main.c:458:6:SystemClock_Config	72	static
main.c:494:13:MX_TIM2_Init	32	static
main.c:539:13:MX_GPIO_Init	32	static
main.c:588:6:HAL_TIM_PeriodElapsedCallback	16	static
main.c:597:6:Error_Handler	4	static,ignoring_inline_asm
