13:30:48 **** Incremental Build of configuration Debug for project lab2_ex ****
make -j16 all 
arm-none-eabi-gcc "../Core/Src/main.c" -mcpu=cortex-m3 -std=gnu11 -g3 -DDEBUG -DUSE_HAL_DRIVER -DSTM32F103x6 -c -I../Core/Inc -I../Drivers/STM32F1xx_HAL_Driver/Inc -I../Drivers/STM32F1xx_HAL_Driver/Inc/Legacy -I../Drivers/CMSIS/Device/ST/STM32F1xx/Include -I../Drivers/CMSIS/Include -O0 -ffunction-sections -fdata-sections -Wall -fstack-usage -MMD -MP -MF"Core/Src/main.d" -MT"Core/Src/main.o" --specs=nano.specs -mfloat-abi=soft -mthumb -o "Core/Src/main.o"
../Core/Src/main.c: In function 'update7SEG':
../Core/Src/main.c:70:4: warning: implicit declaration of function 'display7SEG' [-Wimplicit-function-declaration]
   70 |    display7SEG(led_buffer[0]);
      |    ^~~~~~~~~~~
../Core/Src/main.c: At top level:
../Core/Src/main.c:102:6: warning: conflicting types for 'display7SEG'
  102 | void display7SEG(int num) {
      |      ^~~~~~~~~~~
../Core/Src/main.c:70:4: note: previous implicit declaration of 'display7SEG' was here
   70 |    display7SEG(led_buffer[0]);
      |    ^~~~~~~~~~~
arm-none-eabi-gcc -o "lab2_ex.elf" @"objects.list"   -mcpu=cortex-m3 -T"D:\GIT_LAB2_VXL\lab2_ex\STM32F103C6UX_FLASH.ld" --specs=nosys.specs -Wl,-Map="lab2_ex.map" -Wl,--gc-sections -static --specs=nano.specs -mfloat-abi=soft -mthumb -Wl,--start-group -lc -lm -Wl,--end-group
Finished building target: lab2_ex.elf
 
arm-none-eabi-size   lab2_ex.elf 
arm-none-eabi-objdump -h -S  lab2_ex.elf  > "lab2_ex.list"
arm-none-eabi-objcopy  -O ihex  lab2_ex.elf  "lab2_ex.hex"
   text	   data	    bss	    dec	    hex	filename
   9096	     60	   1676	  10832	   2a50	lab2_ex.elf
arm-none-eabi-objcopy  -O binary  lab2_ex.elf  "lab2_ex.bin"
Finished building: default.size.stdout
 
Finished building: lab2_ex.hex
Finished building: lab2_ex.bin
 
Finished building: lab2_ex.list
 
 

13:30:49 Build Finished. 0 errors, 2 warnings. (took 613ms)

